<html>
<body>
<pre>
<h1>µVision Build Log</h1>
<h2>Project:</h2>
F:\Micro_A748_SI\Programs\DAC\DAC.uvproj
Project File Date:  07/26/2014

<h2>Output:</h2>
Build target 'Target 1'
assembling Startup.s...
compiling main.c...
linking...
Program Size: Code=876 RO-data=16 RW-data=0 ZI-data=1256  
FromELF: creating hex file...
"DAC.axf" - 0 Error(s), 0 Warning(s).
Build target 'Target 1'
assembling Startup.s...
compiling main.c...
linking...
Program Size: Code=876 RO-data=16 RW-data=0 ZI-data=1256  
FromELF: creating hex file...
"DAC.axf" - 0 Error(s), 0 Warning(s).
Build target 'Target 1'
assembling Startup.s...
compiling main.c...
main.c(52): error:  #65: expected a ";"
Target not created
Build target 'Target 1'
assembling Startup.s...
compiling main.c...
linking...
Program Size: Code=876 RO-data=16 RW-data=0 ZI-data=1256  
FromELF: creating hex file...
"DAC.axf" - 0 Error(s), 0 Warning(s).
