<html>
<body>
<pre>
<h1>µVision Build Log</h1>
<h2>Project:</h2>
E:\Micro_A748_V3\Programs_Keil\SevenSegment\SevenSegment.uvproj
Project File Date:  07/26/2014

<h2>Output:</h2>
Build target 'Target 1'
assembling Startup.s...
compiling main.c...
main.c(84): error:  #20: identifier "SSEG_CLR" is undefined
main.c(86): error:  #20: identifier "SSEG_SET" is undefined
main.c(98): warning:  #111-D: statement is unreachable
Target not created
Build target 'Target 1'
compiling main.c...
main.c(98): warning:  #111-D: statement is unreachable
linking...
Program Size: Code=1392 RO-data=32 RW-data=68 ZI-data=1260  
FromELF: creating hex file...
"SevenSegment.axf" - 0 Error(s), 1 Warning(s).
Build target 'Target 1'
assembling Startup.s...
compiling main.c...
main.c(85): warning:  #111-D: statement is unreachable
main.c(69): warning:  #177-D: variable "j" was declared but never referenced
linking...
Program Size: Code=868 RO-data=32 RW-data=68 ZI-data=1260  
FromELF: creating hex file...
"SevenSegment.axf" - 0 Error(s), 2 Warning(s).
Build target 'Target 1'
assembling Startup.s...
compiling main.c...
main.c(96): warning:  #111-D: statement is unreachable
main.c(69): warning:  #177-D: variable "j" was declared but never referenced
linking...
Program Size: Code=1372 RO-data=32 RW-data=68 ZI-data=1260  
FromELF: creating hex file...
"SevenSegment.axf" - 0 Error(s), 2 Warning(s).
Build target 'Target 1'
assembling Startup.s...
compiling main.c...
main.c(98): warning:  #111-D: statement is unreachable
linking...
Program Size: Code=1392 RO-data=32 RW-data=68 ZI-data=1260  
FromELF: creating hex file...
"SevenSegment.axf" - 0 Error(s), 1 Warning(s).
Build target 'Target 1'
assembling Startup.s...
compiling main.c...
main.c(98): warning:  #111-D: statement is unreachable
linking...
Program Size: Code=1392 RO-data=32 RW-data=68 ZI-data=1260  
FromELF: creating hex file...
"SevenSegment.axf" - 0 Error(s), 1 Warning(s).
