<html>
<body>
<pre>
<h1>µVision Build Log</h1>
<h2>Project:</h2>
E:\Micro_A748_SI\Programs\RTC\RTC.uvproj
Project File Date:  07/26/2014

<h2>Output:</h2>
Build target 'Target 1'
assembling Startup.s...
compiling main.c...
main.c(62): warning:  #111-D: statement is unreachable
compiling UART.c...
linking...
Program Size: Code=3016 RO-data=52 RW-data=4 ZI-data=1260  
FromELF: creating hex file...
"RTC.axf" - 0 Error(s), 1 Warning(s).
Build target 'Target 1'
assembling Startup.s...
compiling main.c...
main.c(60): warning:  #111-D: statement is unreachable
compiling UART.c...
linking...
Program Size: Code=3024 RO-data=52 RW-data=4 ZI-data=1260  
FromELF: creating hex file...
"RTC.axf" - 0 Error(s), 1 Warning(s).
Build target 'Target 1'
assembling Startup.s...
compiling main.c...
main.c(60): warning:  #111-D: statement is unreachable
compiling UART.c...
linking...
Program Size: Code=3024 RO-data=52 RW-data=4 ZI-data=1260  
FromELF: creating hex file...
"RTC.axf" - 0 Error(s), 1 Warning(s).
Build target 'Target 1'
assembling Startup.s...
compiling main.c...
main.c(60): warning:  #111-D: statement is unreachable
compiling UART.c...
linking...
Program Size: Code=3024 RO-data=52 RW-data=4 ZI-data=1260  
FromELF: creating hex file...
"RTC.axf" - 0 Error(s), 1 Warning(s).
